[24/40] generating pitch45_v10_0003
  pitch45_v10_0003: RT 512/2048 solved snapshots
  pitch45_v10_0003: RT 1024/2048 solved snapshots
  pitch45_v10_0003: RT 1536/2048 solved snapshots
  pitch45_v10_0003: RT 2048/2048 solved snapshots
[25/40] generating pitch45_v10_0004
  pitch45_v10_0004: RT 512/2048 solved snapshots
  pitch45_v10_0004: RT 1024/2048 solved snapshots
  pitch45_v10_0004: RT 1536/2048 solved snapshots
  pitch45_v10_0004: RT 2048/2048 solved snapshots
[26/40] generating pitch45_v10_0005
  pitch45_v10_0005: RT 512/2048 solved snapshots
  pitch45_v10_0005: RT 1024/2048 solved snapshots
  pitch45_v10_0005: RT 1536/2048 solved snapshots
  pitch45_v10_0005: RT 2048/2048 solved snapshots
[27/40] generating pitch45_v10_0006
  pitch45_v10_0006: RT 512/2048 solved snapshots
  pitch45_v10_0006: RT 1024/2048 solved snapshots
  pitch45_v10_0006: RT 1536/2048 solved snapshots
  pitch45_v10_0006: RT 2048/2048 solved snapshots
[28/40] generating pitch45_v10_0007
  pitch45_v10_0007: RT 512/2048 solved snapshots
  pitch45_v10_0007: RT 1024/2048 solved snapshots
  pitch45_v10_0007: RT 1536/2048 solved snapshots
  pitch45_v10_0007: RT 2048/2048 solved snapshots
[29/40] generating pitch45_v10_0008
  pitch45_v10_0008: RT 512/2048 solved snapshots
  pitch45_v10_0008: RT 1024/2048 solved snapshots
  pitch45_v10_0008: RT 1536/2048 solved snapshots
  pitch45_v10_0008: RT 2048/2048 solved snapshots
[30/40] generating pitch45_v10_0009
  pitch45_v10_0009: RT 512/2048 solved snapshots
  pitch45_v10_0009: RT 1024/2048 solved snapshots
  pitch45_v10_0009: RT 1536/2048 solved snapshots
  pitch45_v10_0009: RT 2048/2048 solved snapshots
[31/40] generating single_blade_v0_0000
  single_blade_v0_0000: RT 512/2048 solved snapshots
  single_blade_v0_0000: RT 1024/2048 solved snapshots
  single_blade_v0_0000: RT 1536/2048 solved snapshots
  single_blade_v0_0000: RT 2048/2048 solved snapshots
[32/40] generating single_blade_v0_0001
  single_blade_v0_0001: RT 512/2048 solved snapshots
  single_blade_v0_0001: RT 1024/2048 solved snapshots
  single_blade_v0_0001: RT 1536/2048 solved snapshots
  single_blade_v0_0001: RT 2048/2048 solved snapshots
[33/40] generating single_blade_v0_0002
  single_blade_v0_0002: RT 512/2048 solved snapshots
  single_blade_v0_0002: RT 1024/2048 solved snapshots
  single_blade_v0_0002: RT 1536/2048 solved snapshots
  single_blade_v0_0002: RT 2048/2048 solved snapshots
[34/40] generating single_blade_v0_0003
  single_blade_v0_0003: RT 512/2048 solved snapshots
  single_blade_v0_0003: RT 1024/2048 solved snapshots
  single_blade_v0_0003: RT 1536/2048 solved snapshots
  single_blade_v0_0003: RT 2048/2048 solved snapshots
[35/40] generating single_blade_v0_0004
  single_blade_v0_0004: RT 512/2048 solved snapshots
  single_blade_v0_0004: RT 1024/2048 solved snapshots
  single_blade_v0_0004: RT 1536/2048 solved snapshots
  single_blade_v0_0004: RT 2048/2048 solved snapshots
[36/40] generating single_blade_v0_0005
  single_blade_v0_0005: RT 512/2048 solved snapshots
  single_blade_v0_0005: RT 1024/2048 solved snapshots
  single_blade_v0_0005: RT 1536/2048 solved snapshots
  single_blade_v0_0005: RT 2048/2048 solved snapshots
[37/40] generating single_blade_v0_0006
  single_blade_v0_0006: RT 512/2048 solved snapshots
  single_blade_v0_0006: RT 1024/2048 solved snapshots
  single_blade_v0_0006: RT 1536/2048 solved snapshots
  single_blade_v0_0006: RT 2048/2048 solved snapshots
[38/40] generating single_blade_v0_0007
  single_blade_v0_0007: RT 512/2048 solved snapshots
  single_blade_v0_0007: RT 1024/2048 solved snapshots
  single_blade_v0_0007: RT 1536/2048 solved snapshots
  single_blade_v0_0007: RT 2048/2048 solved snapshots
[39/40] generating single_blade_v0_0008
  single_blade_v0_0008: RT 512/2048 solved snapshots
  single_blade_v0_0008: RT 1024/2048 solved snapshots
  single_blade_v0_0008: RT 1536/2048 solved snapshots
  single_blade_v0_0008: RT 2048/2048 solved snapshots
[40/40] generating single_blade_v0_0009
  single_blade_v0_0009: RT 512/2048 solved snapshots
  single_blade_v0_0009: RT 1024/2048 solved snapshots
  single_blade_v0_0009: RT 1536/2048 solved snapshots
  single_blade_v0_0009: RT 2048/2048 solved snapshots
Done. Samples: 40
